// Jest Snapshot v1, https://goo.gl/fbAQLP

exports[`NotFoundPage renders NotFoundPage component 1`] = `
<Fragment>
  <h1
    className=""
  >
    NotFoundPage
  </h1>
</Fragment>
`;
