// Jest Snapshot v1, https://goo.gl/fbAQLP

exports[`GoogleMap renders GoogleMap component 1`] = `
<div
  id="google-map"
  style={
    Object {
      "height": "100%",
      "width": "100%",
    }
  }
/>
`;
