// Jest Snapshot v1, https://goo.gl/fbAQLP

exports[`MessageLayout renders MessageLayout component 1`] = `
<div
  className="container"
>
  <MessageContainer />
</div>
`;
