// Jest Snapshot v1, https://goo.gl/fbAQLP

exports[`DeactivationSuccessPage renders DeactivationSuccessPage component given mock context data 1`] = `
<div
  class="main"
>
  <h3>
    Your account has been successfully deactivated
  </h3>
  <button
    class="buttonDark "
  >
    Go to Home Page
  </button>
</div>
`;
