// Jest Snapshot v1, https://goo.gl/fbAQLP

exports[`LocationPage renders LocationPage component given mock context data 1`] = `
<main
  class="main"
/>
`;
